src/app/(dashboard)/dashboard/quote-reply/page.tsx(55,17): error TS2352: Conversion of type '{ id: any; title: any; summary: any; url: any; viral_score: any; published_at: any; sources: { name: any; }[]; }[]' to type 'NewsItem[]' may be a mistake because neither type sufficiently overlaps with the other. If this was intentional, convert the expression to 'unknown' first.
  Type '{ id: any; title: any; summary: any; url: any; viral_score: any; published_at: any; sources: { name: any; }[]; }' is not comparable to type 'NewsItem'.
    Types of property 'sources' are incompatible.
      Property 'name' is missing in type '{ name: any; }[]' but required in type '{ name: string; }'.
